// Jest Snapshot v1, https://goo.gl/fbAQLP

exports[`Проверка кнопок "Удалить" 1`] = `
<div
  className="MobileCompany"
>
  <input
    className="notTable"
    data="all"
    onClick={[Function]}
    type="button"
    value="Все"
  />
  <input
    className="notTable"
    data="active"
    onClick={[Function]}
    type="button"
    value="Активные"
  />
  <input
    className="notTable"
    data="blocked"
    onClick={[Function]}
    type="button"
    value="Заблокированные"
  />
  <hr />
  <div
    className="MobileCompanyClients"
  >
    <table>
      <tbody>
        <tr
          className="MobileClient"
        >
          <th
            className="ColumnN"
          >
              
            Фамилия
          </th>
          <th
            className="ColumnN"
          >
              
            Имя
          </th>
          <th
            className="ColumnN"
          >
              
            Отчество
          </th>
          <th
            className="ColumnN"
          >
              
            Баланс
          </th>
          <th
            className="ColumnN"
          >
              
            Статус
          </th>
          <th
            className="ColumnN"
          >
              
            Редактировать
          </th>
          <th
            className="ColumnN"
          >
              
            Удалить
          </th>
        </tr>
        <tr
          className="MobileClient"
          onClick={[Function]}
        >
          <td
            className="StatusActive"
          >
            Иванов
          </td>
          <td
            className="StatusActive"
          >
            Иван
          </td>
          <td
            className="StatusActive"
          >
            Иванович
          </td>
          <td
            className="StatusActive"
          >
            2
          </td>
          <td
            className="StatusActive"
          >
            active
          </td>
          <td
            className="StatusActive"
          >
            <input
              className="inTable"
              disabled={false}
              onClick={[Function]}
              type="button"
              value="Редактировать"
            />
          </td>
          <td
            className="StatusActive"
          >
            <input
              className="inTable"
              data="del101"
              disabled={false}
              onClick={[Function]}
              type="button"
              value="Удалить"
            />
             
          </td>
        </tr>
        <tr
          className="MobileClient"
          onClick={[Function]}
        >
          <td
            className="StatusActive"
          >
            Сидоров 
          </td>
          <td
            className="StatusActive"
          >
            Сидор
          </td>
          <td
            className="StatusActive"
          >
            Сидорович 
          </td>
          <td
            className="StatusActive"
          >
            250
          </td>
          <td
            className="StatusActive"
          >
            active
          </td>
          <td
            className="StatusActive"
          >
            <input
              className="inTable"
              disabled={false}
              onClick={[Function]}
              type="button"
              value="Редактировать"
            />
          </td>
          <td
            className="StatusActive"
          >
            <input
              className="inTable"
              data="del102"
              disabled={false}
              onClick={[Function]}
              type="button"
              value="Удалить"
            />
             
          </td>
        </tr>
        <tr
          className="MobileClient"
          onClick={[Function]}
        >
          <td
            className="StatusActive"
          >
            Петров
          </td>
          <td
            className="StatusActive"
          >
            Петр
          </td>
          <td
            className="StatusActive"
          >
            Петрович
          </td>
          <td
            className="StatusActive"
          >
            180
          </td>
          <td
            className="StatusActive"
          >
            active
          </td>
          <td
            className="StatusActive"
          >
            <input
              className="inTable"
              disabled={false}
              onClick={[Function]}
              type="button"
              value="Редактировать"
            />
          </td>
          <td
            className="StatusActive"
          >
            <input
              className="inTable"
              data="del103"
              disabled={false}
              onClick={[Function]}
              type="button"
              value="Удалить"
            />
             
          </td>
        </tr>
        <tr
          className="MobileClient"
          onClick={[Function]}
        >
          <td
            className="StatusActive"
          >
            Григорьев
          </td>
          <td
            className="StatusActive"
          >
            Григорий
          </td>
          <td
            className="StatusActive"
          >
            Григорьевич
          </td>
          <td
            className="StatusActive"
          >
            0
          </td>
          <td
            className="StatusBlocked"
          >
            blocked
          </td>
          <td
            className="StatusActive"
          >
            <input
              className="inTable"
              disabled={false}
              onClick={[Function]}
              type="button"
              value="Редактировать"
            />
          </td>
          <td
            className="StatusActive"
          >
            <input
              className="inTable"
              data="del104"
              disabled={false}
              onClick={[Function]}
              type="button"
              value="Удалить"
            />
             
          </td>
        </tr>
      </tbody>
    </table>
  </div>
  <input
    className="inTable"
    data="add"
    disabled={false}
    onClick={[Function]}
    type="button"
    value="Добавить клиента"
  />
</div>
`;
